******************************************************************************
                  TI ARM Linker PC v20.2.5                     
******************************************************************************
>> Linked Sun May 16 22:37:41 2021

OUTPUT FILE NAME:   <Lab7_Digital21_Cami.out>
ENTRY POINT SYMBOL: "_c_int00_noargs"  address: 00000aad


MEMORY CONFIGURATION

         name            origin    length      used     unused   attr    fill
----------------------  --------  ---------  --------  --------  ----  --------
  FLASH                 00000000   00040000  00000e7e  0003f182  R  X
  SRAM                  20000000   00008000  00000473  00007b8d  RW X


SEGMENT ALLOCATION MAP

run origin  load origin   length   init length attrs members
----------  ----------- ---------- ----------- ----- -------
00000000    00000000    00000e80   00000e80    r-x
  00000000    00000000    0000026c   0000026c    r-- .intvecs
  0000026c    0000026c    000009d6   000009d6    r-x .text
  00000c44    00000c44    000001fc   000001fc    r-- .const
  00000e40    00000e40    00000040   00000040    r-- .cinit
20000000    20000000    00000475   00000000    rw-
  20000000    20000000    0000026c   00000000    rw- .vtable
  2000026c    2000026c    00000002   00000000    rw- .data
  20000270    20000270    00000200   00000000    rw- .stack
  20000470    20000470    00000005   00000000    rw- .bss


SECTION ALLOCATION MAP

 output                                  attributes/
section   page    origin      length       input sections
--------  ----  ----------  ----------   ----------------
.intvecs   0    00000000    0000026c     
                  00000000    0000026c     tm4c123gh6pm_startup_ccs.obj (.intvecs)

.text      0    0000026c    000009d6     
                  0000026c    000001bc     main.obj (.text)
                  00000428    00000132     driverlib.lib : gpio.obj (.text:GPIOPadConfigSet)
                  0000055a    00000002     --HOLE-- [fill = 0]
                  0000055c    00000110                   : sysctl.obj (.text:SysCtlClockGet)
                  0000066c    000000f4                   : sysctl.obj (.text:SysCtlClockSet)
                  00000760    0000009c     rtsv7M4_T_le_v4SPD16_eabi.lib : memcpy_t2.asm.obj (.text)
                  000007fc    00000068     driverlib.lib : interrupt.obj (.text:IntEnable)
                  00000864    00000068     rtsv7M4_T_le_v4SPD16_eabi.lib : copy_decompress_lzss.c.obj (.text:decompress:lzss:__TI_decompress_lzss)
                  000008cc    00000060     driverlib.lib : timer.obj (.text:TimerConfigure)
                  0000092c    0000004c                   : timer.obj (.text:_TimerIntNumberGet)
                  00000978    00000046                   : uart.obj (.text:UARTConfigSetExpClk)
                  000009be    00000002     --HOLE-- [fill = 0]
                  000009c0    00000044     rtsv7M4_T_le_v4SPD16_eabi.lib : autoinit.c.obj (.text:__TI_auto_init_nobinit_nopinit:__TI_auto_init_nobinit_nopinit)
                  00000a04    00000040     driverlib.lib : uart.obj (.text:_UARTIntNumberGet)
                  00000a44    00000034                   : interrupt.obj (.text:IntRegister)
                  00000a78    00000034                   : sysctl.obj (.text:SysCtlPeripheralEnable)
                  00000aac    00000034     rtsv7M4_T_le_v4SPD16_eabi.lib : boot_cortex_m.c.obj (.text:_c_int00_noargs:_c_int00_noargs)
                  00000ae0    0000002a     driverlib.lib : gpio.obj (.text:GPIODirModeSet)
                  00000b0a    00000002     --HOLE-- [fill = 0]
                  00000b0c    00000020                   : uart.obj (.text:UARTDisable)
                  00000b2c    0000001c     rtsv7M4_T_le_v4SPD16_eabi.lib : copy_zero_init.c.obj (.text:decompress:ZI:__TI_zero_init_nomemset:__TI_zero_init_nomemset)
                  00000b48    00000018     driverlib.lib : gpio.obj (.text:GPIOPinTypeGPIOOutput)
                  00000b60    00000018                   : timer.obj (.text:TimerIntRegister)
                  00000b78    00000018                   : uart.obj (.text:UARTIntRegister)
                  00000b90    00000014                   : uart.obj (.text:UARTEnable)
                  00000ba4    00000012                   : gpio.obj (.text:GPIOPinTypeUART)
                  00000bb6    00000012                   : timer.obj (.text:TimerLoadSet)
                  00000bc8    00000010                   : interrupt.obj (.text:IntMasterEnable)
                  00000bd8    0000000e                   : timer.obj (.text:TimerEnable)
                  00000be6    0000000e     rtsv7M4_T_le_v4SPD16_eabi.lib : copy_decompress_none.c.obj (.text:decompress:none:__TI_decompress_none)
                  00000bf4    0000000c     driverlib.lib : cpu.obj (.text:CPUcpsie)
                  00000c00    0000000c     tm4c123gh6pm_startup_ccs.obj (.text)
                  00000c0c    0000000a     driverlib.lib : uart.obj (.text:UARTCharGet)
                  00000c16    00000008                   : timer.obj (.text:TimerIntEnable)
                  00000c1e    00000008                   : uart.obj (.text:UARTIntEnable)
                  00000c26    00000006                   : gpio.obj (.text:GPIOPinWrite)
                  00000c2c    00000006                   : sysctl.obj (.text:SysCtlDelay)
                  00000c32    00000004                   : timer.obj (.text:TimerIntClear)
                  00000c36    00000004                   : uart.obj (.text:UARTIntClear)
                  00000c3a    00000004     rtsv7M4_T_le_v4SPD16_eabi.lib : pre_init.c.obj (.text:_system_pre_init)
                  00000c3e    00000004                                   : exit.c.obj (.text:abort:abort)

.const     0    00000c44    000001fc     
                  00000c44    00000070     driverlib.lib : interrupt.obj (.const)
                  00000cb4    0000006c                   : sysctl.obj (.const:g_pui32Xtals)
                  00000d20    00000060                   : timer.obj (.const:g_ppui32TimerIntMap)
                  00000d80    00000040                   : timer.obj (.const:g_ppui32TimerIntMapSnowflake)
                  00000dc0    00000040                   : uart.obj (.const:g_ppui32UARTIntMap)
                  00000e00    00000040                   : uart.obj (.const:g_ppui32UARTIntMapSnowflake)

.cinit     0    00000e40    00000040     
                  00000e40    0000000c     (__TI_handler_table)
                  00000e4c    00000004     --HOLE-- [fill = 0]
                  00000e50    00000008     (.cinit..bss.load) [load image, compression = zero_init]
                  00000e58    00000008     (.cinit..vtable.load) [load image, compression = zero_init]
                  00000e60    00000006     (.cinit..data.load) [load image, compression = lzss]
                  00000e66    00000002     --HOLE-- [fill = 0]
                  00000e68    00000018     (__TI_cinit_table)

.init_array 
*          0    00000000    00000000     UNINITIALIZED

.vtable    0    20000000    0000026c     UNINITIALIZED
                  20000000    0000026c     driverlib.lib : interrupt.obj (.vtable)

.data      0    2000026c    00000002     UNINITIALIZED
                  2000026c    00000002     main.obj (.data)

.bss       0    20000470    00000005     UNINITIALIZED
                  20000470    00000004     (.common:led)
                  20000474    00000001     (.common:letra)

.stack     0    20000270    00000200     UNINITIALIZED
                  20000270    00000004     rtsv7M4_T_le_v4SPD16_eabi.lib : boot_cortex_m.c.obj (.stack)
                  20000274    000001fc     --HOLE--

__llvm_prf_cnts 
*          0    20000000    00000000     UNINITIALIZED

MODULE SUMMARY

       Module                         code   ro data   rw data
       ------                         ----   -------   -------
    .\
       tm4c123gh6pm_startup_ccs.obj   12     620       0      
       main.obj                       444    0         7      
    +--+------------------------------+------+---------+---------+
       Total:                         456    620       7      
                                                              
    C:/ti/TivaWare_C_Series-2.1.4.178/driverlib/ccs/Debug/driverlib.lib
       interrupt.obj                  172    112       620    
       sysctl.obj                     574    108       0      
       timer.obj                      240    160       0      
       gpio.obj                       396    0         0      
       uart.obj                       232    128       0      
       cpu.obj                        12     0         0      
    +--+------------------------------+------+---------+---------+
       Total:                         1626   508       620    
                                                              
    C:\ti\ccs1031\ccs\tools\compiler\ti-cgt-arm_20.2.5.LTS\lib\rtsv7M4_T_le_v4SPD16_eabi.lib
       memcpy_t2.asm.obj              156    0         0      
       copy_decompress_lzss.c.obj     104    0         0      
       autoinit.c.obj                 68     0         0      
       boot_cortex_m.c.obj            52     0         0      
       copy_zero_init.c.obj           28     0         0      
       copy_decompress_none.c.obj     14     0         0      
       exit.c.obj                     4      0         0      
       pre_init.c.obj                 4      0         0      
    +--+------------------------------+------+---------+---------+
       Total:                         430    0         0      
                                                              
       Stack:                         0      0         512    
       Linker Generated:              0      58        0      
    +--+------------------------------+------+---------+---------+
       Grand Total:                   2512   1186      1139   


LINKER GENERATED COPY TABLES

__TI_cinit_table @ 00000e68 records: 3, size/record: 8, table size: 24
	.bss: load addr=00000e50, load size=00000008 bytes, run addr=20000470, run size=00000005 bytes, compression=zero_init
	.vtable: load addr=00000e58, load size=00000008 bytes, run addr=20000000, run size=0000026c bytes, compression=zero_init
	.data: load addr=00000e60, load size=00000006 bytes, run addr=2000026c, run size=00000002 bytes, compression=lzss


LINKER GENERATED HANDLER TABLE

__TI_handler_table @ 00000e40 records: 3, size/record: 4, table size: 12
	index: 0, handler: __TI_zero_init
	index: 1, handler: __TI_decompress_lzss
	index: 2, handler: __TI_decompress_none


GLOBAL SYMBOLS: SORTED ALPHABETICALLY BY Name 

address   name                          
-------   ----                          
00000c3f  C$$EXIT                       
00000bf5  CPUcpsie                      
000002b1  Config_Timer0                 
00000ae1  GPIODirModeSet                
00000429  GPIOPadConfigSet              
00000b49  GPIOPinTypeGPIOOutput         
00000ba5  GPIOPinTypeUART               
00000c27  GPIOPinWrite                  
000007fd  IntEnable                     
00000bc9  IntMasterEnable               
00000a45  IntRegister                   
00000c01  ResetISR                      
0000055d  SysCtlClockGet                
0000066d  SysCtlClockSet                
00000c2d  SysCtlDelay                   
00000a79  SysCtlPeripheralEnable        
000002f1  Timer0IntHandler              
000008cd  TimerConfigure                
00000bd9  TimerEnable                   
00000c33  TimerIntClear                 
00000c17  TimerIntEnable                
00000b61  TimerIntRegister              
00000bb7  TimerLoadSet                  
00000c0d  UARTCharGet                   
00000979  UARTConfigSetExpClk           
00000b0d  UARTDisable                   
00000b91  UARTEnable                    
00000c37  UARTIntClear                  
00000c1f  UARTIntEnable                 
00000317  UARTIntHandler                
00000b79  UARTIntRegister               
000003af  UART_Config                   
20000470  __STACK_END                   
00000200  __STACK_SIZE                  
20000470  __STACK_TOP                   
00000e68  __TI_CINIT_Base               
00000e80  __TI_CINIT_Limit              
00000e40  __TI_Handler_Table_Base       
00000e4c  __TI_Handler_Table_Limit      
000009c1  __TI_auto_init_nobinit_nopinit
00000865  __TI_decompress_lzss          
00000be7  __TI_decompress_none          
ffffffff  __TI_pprof_out_hndl           
ffffffff  __TI_prof_data_size           
ffffffff  __TI_prof_data_start          
00000000  __TI_static_base__            
00000b2d  __TI_zero_init_nomemset       
00000761  __aeabi_memcpy                
00000761  __aeabi_memcpy4               
00000761  __aeabi_memcpy8               
ffffffff  __binit__                     
ffffffff  __c_args__                    
UNDEFED   __mpu_init                    
20000270  __stack                       
20000000  __start___llvm_prf_cnts       
20000000  __stop___llvm_prf_cnts        
00000aad  _c_int00_noargs               
UNDEFED   _system_post_cinit            
00000c3b  _system_pre_init              
00000c3f  abort                         
ffffffff  binit                         
2000026d  flag                          
20000000  g_pfnRAMVectors               
00000000  g_pfnVectors                  
20000470  led                           
20000474  letra                         
0000026d  main                          
00000761  memcpy                        
2000026c  state                         


GLOBAL SYMBOLS: SORTED BY Symbol Address 

address   name                          
-------   ----                          
00000000  __TI_static_base__            
00000000  g_pfnVectors                  
00000200  __STACK_SIZE                  
0000026d  main                          
000002b1  Config_Timer0                 
000002f1  Timer0IntHandler              
00000317  UARTIntHandler                
000003af  UART_Config                   
00000429  GPIOPadConfigSet              
0000055d  SysCtlClockGet                
0000066d  SysCtlClockSet                
00000761  __aeabi_memcpy                
00000761  __aeabi_memcpy4               
00000761  __aeabi_memcpy8               
00000761  memcpy                        
000007fd  IntEnable                     
00000865  __TI_decompress_lzss          
000008cd  TimerConfigure                
00000979  UARTConfigSetExpClk           
000009c1  __TI_auto_init_nobinit_nopinit
00000a45  IntRegister                   
00000a79  SysCtlPeripheralEnable        
00000aad  _c_int00_noargs               
00000ae1  GPIODirModeSet                
00000b0d  UARTDisable                   
00000b2d  __TI_zero_init_nomemset       
00000b49  GPIOPinTypeGPIOOutput         
00000b61  TimerIntRegister              
00000b79  UARTIntRegister               
00000b91  UARTEnable                    
00000ba5  GPIOPinTypeUART               
00000bb7  TimerLoadSet                  
00000bc9  IntMasterEnable               
00000bd9  TimerEnable                   
00000be7  __TI_decompress_none          
00000bf5  CPUcpsie                      
00000c01  ResetISR                      
00000c0d  UARTCharGet                   
00000c17  TimerIntEnable                
00000c1f  UARTIntEnable                 
00000c27  GPIOPinWrite                  
00000c2d  SysCtlDelay                   
00000c33  TimerIntClear                 
00000c37  UARTIntClear                  
00000c3b  _system_pre_init              
00000c3f  C$$EXIT                       
00000c3f  abort                         
00000e40  __TI_Handler_Table_Base       
00000e4c  __TI_Handler_Table_Limit      
00000e68  __TI_CINIT_Base               
00000e80  __TI_CINIT_Limit              
20000000  __start___llvm_prf_cnts       
20000000  __stop___llvm_prf_cnts        
20000000  g_pfnRAMVectors               
2000026c  state                         
2000026d  flag                          
20000270  __stack                       
20000470  __STACK_END                   
20000470  __STACK_TOP                   
20000470  led                           
20000474  letra                         
ffffffff  __TI_pprof_out_hndl           
ffffffff  __TI_prof_data_size           
ffffffff  __TI_prof_data_start          
ffffffff  __binit__                     
ffffffff  __c_args__                    
ffffffff  binit                         
UNDEFED   __mpu_init                    
UNDEFED   _system_post_cinit            

[69 symbols]
